  Determining projects to restore...
  All projects are up-to-date for restore.
C:\Users\yomal\OneDrive\Desktop\StudentApp\backend\Models\BloomSettings.cs(9,25): error CS0103: The name 'BsonType' does not exist in the current context [C:\Users\yomal\OneDrive\Desktop\StudentApp\backend\StudentApp.Api.csproj]
C:\Users\yomal\OneDrive\Desktop\StudentApp\backend\Models\BloomPeriod.cs(10,25): error CS0103: The name 'BsonType' does not exist in the current context [C:\Users\yomal\OneDrive\Desktop\StudentApp\backend\StudentApp.Api.csproj]
C:\Users\yomal\OneDrive\Desktop\StudentApp\backend\Models\BloomDailyLog.cs(11,25): error CS0103: The name 'BsonType' does not exist in the current context [C:\Users\yomal\OneDrive\Desktop\StudentApp\backend\StudentApp.Api.csproj]
C:\Users\yomal\OneDrive\Desktop\StudentApp\backend\Services\WellbeingService.cs(37,96): warning CS8625: Cannot convert null literal to non-nullable reference type. [C:\Users\yomal\OneDrive\Desktop\StudentApp\backend\StudentApp.Api.csproj]
C:\Users\yomal\OneDrive\Desktop\StudentApp\backend\Services\WellbeingService.cs(50,99): warning CS8625: Cannot convert null literal to non-nullable reference type. [C:\Users\yomal\OneDrive\Desktop\StudentApp\backend\StudentApp.Api.csproj]
C:\Users\yomal\OneDrive\Desktop\StudentApp\backend\Services\WellbeingService.cs(58,93): warning CS8625: Cannot convert null literal to non-nullable reference type. [C:\Users\yomal\OneDrive\Desktop\StudentApp\backend\StudentApp.Api.csproj]
C:\Users\yomal\OneDrive\Desktop\StudentApp\backend\Services\WellbeingService.cs(66,110): warning CS8625: Cannot convert null literal to non-nullable reference type. [C:\Users\yomal\OneDrive\Desktop\StudentApp\backend\StudentApp.Api.csproj]

Build FAILED.

C:\Users\yomal\OneDrive\Desktop\StudentApp\backend\Services\WellbeingService.cs(37,96): warning CS8625: Cannot convert null literal to non-nullable reference type. [C:\Users\yomal\OneDrive\Desktop\StudentApp\backend\StudentApp.Api.csproj]
C:\Users\yomal\OneDrive\Desktop\StudentApp\backend\Services\WellbeingService.cs(50,99): warning CS8625: Cannot convert null literal to non-nullable reference type. [C:\Users\yomal\OneDrive\Desktop\StudentApp\backend\StudentApp.Api.csproj]
C:\Users\yomal\OneDrive\Desktop\StudentApp\backend\Services\WellbeingService.cs(58,93): warning CS8625: Cannot convert null literal to non-nullable reference type. [C:\Users\yomal\OneDrive\Desktop\StudentApp\backend\StudentApp.Api.csproj]
C:\Users\yomal\OneDrive\Desktop\StudentApp\backend\Services\WellbeingService.cs(66,110): warning CS8625: Cannot convert null literal to non-nullable reference type. [C:\Users\yomal\OneDrive\Desktop\StudentApp\backend\StudentApp.Api.csproj]
C:\Users\yomal\OneDrive\Desktop\StudentApp\backend\Models\BloomSettings.cs(9,25): error CS0103: The name 'BsonType' does not exist in the current context [C:\Users\yomal\OneDrive\Desktop\StudentApp\backend\StudentApp.Api.csproj]
C:\Users\yomal\OneDrive\Desktop\StudentApp\backend\Models\BloomPeriod.cs(10,25): error CS0103: The name 'BsonType' does not exist in the current context [C:\Users\yomal\OneDrive\Desktop\StudentApp\backend\StudentApp.Api.csproj]
C:\Users\yomal\OneDrive\Desktop\StudentApp\backend\Models\BloomDailyLog.cs(11,25): error CS0103: The name 'BsonType' does not exist in the current context [C:\Users\yomal\OneDrive\Desktop\StudentApp\backend\StudentApp.Api.csproj]
    4 Warning(s)
    3 Error(s)

Time Elapsed 00:00:01.79
